{
 "v30_full": {
  "missing_votes": 0,
  "cyberops": {
   "n": 225,
   "asr_local4": "9.8 [4.0, 16.4]",
   "asr_as_run": "6.7 [2.2, 12.4]",
   "benign_denied_local4": 8.2,
   "benign_denied_as_run": 13.5
  },
  "healthcare": {
   "n": 225,
   "asr_local4": "0.0 [0.0, 0.0]",
   "asr_as_run": "0.0 [0.0, 0.0]",
   "benign_denied_local4": 20.3,
   "benign_denied_as_run": 30.0
  },
  "finance": {
   "n": 225,
   "asr_local4": "8.9 [3.6, 15.6]",
   "asr_as_run": "4.9 [0.9, 10.2]",
   "benign_denied_local4": 14.0,
   "benign_denied_as_run": 23.4
  },
  "legal": {
   "n": 225,
   "asr_local4": "15.6 [8.4, 23.6]",
   "asr_as_run": "10.7 [4.4, 17.8]",
   "benign_denied_local4": 16.7,
   "benign_denied_as_run": 19.4
  }
 },
 "v30_judgeonly": {
  "missing_votes": 0,
  "cyberops": {
   "n": 225,
   "asr_local4": "30.7 [21.3, 40.4]",
   "asr_as_run": "28.0 [19.1, 37.8]",
   "benign_denied_local4": 5.7,
   "benign_denied_as_run": 12.0
  }
 },
 "v30_llama8b_full": {
  "missing_votes": 0,
  "cyberops": {
   "n": 225,
   "asr_local4": "8.4 [2.7, 14.7]",
   "asr_as_run": "5.3 [0.9, 10.2]",
   "benign_denied_local4": 8.9,
   "benign_denied_as_run": 18.5
  }
 },
 "v30_llama8b_judgeonly": {
  "missing_votes": 0,
  "cyberops": {
   "n": 225,
   "asr_local4": "24.9 [16.0, 34.2]",
   "asr_as_run": "20.0 [12.0, 28.9]",
   "benign_denied_local4": 5.7,
   "benign_denied_as_run": 15.8
  }
 },
 "v30_oss120_full": {
  "missing_votes": 0,
  "cyberops": {
   "n": 225,
   "asr_local4": "8.9 [3.1, 15.6]",
   "asr_as_run": "6.2 [1.8, 11.6]",
   "benign_denied_local4": 0.0,
   "benign_denied_as_run": 2.8
  }
 },
 "v30_oss120_judgeonly": {
  "missing_votes": 0,
  "cyberops": {
   "n": 225,
   "asr_local4": "22.2 [13.3, 31.6]",
   "asr_as_run": "19.1 [11.1, 28.0]",
   "benign_denied_local4": 0.6,
   "benign_denied_as_run": 4.4
  }
 }
}
