  Warning: ./domains/healthcare/payloads/benign_alerts.json not found
  Warning: ./domains/healthcare/payloads/benign_alerts.json not found
  Warning: ./domains/healthcare/payloads/benign_alerts.json not found
  Warning: ./domains/healthcare/payloads/benign_alerts.json not found
  Warning: ./domains/healthcare/payloads/benign_alerts.json not found
  Warning: ./domains/healthcare/payloads/benign_alerts.json not found
  Warning: ./domains/healthcare/payloads/benign_alerts.json not found
  Warning: ./domains/healthcare/payloads/benign_alerts.json not found
  Warning: ./domains/healthcare/payloads/benign_alerts.json not found
  Warning: ./domains/healthcare/payloads/benign_alerts.json not found
  Warning: ./domains/healthcare/payloads/benign_alerts.json not found
  Warning: ./domains/healthcare/payloads/benign_alerts.json not found
  Warning: ./domains/healthcare/payloads/benign_alerts.json not found
  Warning: ./domains/healthcare/payloads/benign_alerts.json not found
  Warning: ./domains/healthcare/payloads/benign_alerts.json not found
  Warning: ./domains/finance/payloads/benign_alerts.json not found
  Warning: ./domains/finance/payloads/benign_alerts.json not found
  Warning: ./domains/finance/payloads/benign_alerts.json not found
  Warning: ./domains/finance/payloads/benign_alerts.json not found
  Warning: ./domains/finance/payloads/benign_alerts.json not found
  Warning: ./domains/finance/payloads/benign_alerts.json not found
  Warning: ./domains/finance/payloads/benign_alerts.json not found
  Warning: ./domains/finance/payloads/benign_alerts.json not found
  Warning: ./domains/finance/payloads/benign_alerts.json not found
  Warning: ./domains/finance/payloads/benign_alerts.json not found
  Warning: ./domains/finance/payloads/benign_alerts.json not found
  Warning: ./domains/finance/payloads/benign_alerts.json not found
  Warning: ./domains/finance/payloads/benign_alerts.json not found
  Warning: ./domains/finance/payloads/benign_alerts.json not found
  Warning: ./domains/finance/payloads/benign_alerts.json not found
  Warning: ./domains/legal/payloads/benign_alerts.json not found
  Warning: ./domains/legal/payloads/benign_alerts.json not found
  Warning: ./domains/legal/payloads/benign_alerts.json not found
  Warning: ./domains/legal/payloads/benign_alerts.json not found
  Warning: ./domains/legal/payloads/benign_alerts.json not found
  Warning: ./domains/legal/payloads/benign_alerts.json not found
  Warning: ./domains/legal/payloads/benign_alerts.json not found
  Warning: ./domains/legal/payloads/benign_alerts.json not found
  Warning: ./domains/legal/payloads/benign_alerts.json not found
  Warning: ./domains/legal/payloads/benign_alerts.json not found
  Warning: ./domains/legal/payloads/benign_alerts.json not found
  Warning: ./domains/legal/payloads/benign_alerts.json not found
  Warning: ./domains/legal/payloads/benign_alerts.json not found
  Warning: ./domains/legal/payloads/benign_alerts.json not found
  Warning: ./domains/legal/payloads/benign_alerts.json not found
v31_full           8376 rounds
  Warning: ./domains/healthcare/payloads/benign_alerts.json not found
  Warning: ./domains/healthcare/payloads/benign_alerts.json not found
  Warning: ./domains/healthcare/payloads/benign_alerts.json not found
  Warning: ./domains/healthcare/payloads/benign_alerts.json not found
  Warning: ./domains/healthcare/payloads/benign_alerts.json not found
  Warning: ./domains/healthcare/payloads/benign_alerts.json not found
  Warning: ./domains/healthcare/payloads/benign_alerts.json not found
  Warning: ./domains/healthcare/payloads/benign_alerts.json not found
  Warning: ./domains/healthcare/payloads/benign_alerts.json not found
  Warning: ./domains/healthcare/payloads/benign_alerts.json not found
  Warning: ./domains/healthcare/payloads/benign_alerts.json not found
  Warning: ./domains/healthcare/payloads/benign_alerts.json not found
  Warning: ./domains/healthcare/payloads/benign_alerts.json not found
  Warning: ./domains/healthcare/payloads/benign_alerts.json not found
  Warning: ./domains/healthcare/payloads/benign_alerts.json not found
  Warning: ./domains/finance/payloads/benign_alerts.json not found
  Warning: ./domains/finance/payloads/benign_alerts.json not found
  Warning: ./domains/finance/payloads/benign_alerts.json not found
  Warning: ./domains/finance/payloads/benign_alerts.json not found
  Warning: ./domains/finance/payloads/benign_alerts.json not found
  Warning: ./domains/finance/payloads/benign_alerts.json not found
  Warning: ./domains/finance/payloads/benign_alerts.json not found
  Warning: ./domains/finance/payloads/benign_alerts.json not found
  Warning: ./domains/finance/payloads/benign_alerts.json not found
  Warning: ./domains/finance/payloads/benign_alerts.json not found
  Warning: ./domains/finance/payloads/benign_alerts.json not found
  Warning: ./domains/finance/payloads/benign_alerts.json not found
  Warning: ./domains/finance/payloads/benign_alerts.json not found
  Warning: ./domains/finance/payloads/benign_alerts.json not found
  Warning: ./domains/finance/payloads/benign_alerts.json not found
  Warning: ./domains/legal/payloads/benign_alerts.json not found
  Warning: ./domains/legal/payloads/benign_alerts.json not found
  Warning: ./domains/legal/payloads/benign_alerts.json not found
  Warning: ./domains/legal/payloads/benign_alerts.json not found
  Warning: ./domains/legal/payloads/benign_alerts.json not found
  Warning: ./domains/legal/payloads/benign_alerts.json not found
  Warning: ./domains/legal/payloads/benign_alerts.json not found
  Warning: ./domains/legal/payloads/benign_alerts.json not found
  Warning: ./domains/legal/payloads/benign_alerts.json not found
  Warning: ./domains/legal/payloads/benign_alerts.json not found
  Warning: ./domains/legal/payloads/benign_alerts.json not found
  Warning: ./domains/legal/payloads/benign_alerts.json not found
  Warning: ./domains/legal/payloads/benign_alerts.json not found
  Warning: ./domains/legal/payloads/benign_alerts.json not found
  Warning: ./domains/legal/payloads/benign_alerts.json not found
v31_judgeonly      9921 rounds
distinct messages: 14190
