[llama8b_div4/cyberops] 855 trials -> ./results/eval_attacks/group_llama8b_div4/cyberops/results.csv
[llama8b_local2_v29/cyberops] 1500 trials -> ./results/eval_attacks/group_llama8b_local2_v29/cyberops/results.csv
[llama8b_local2_v30/cyberops] 600 trials -> ./results/eval_attacks/group_llama8b_local2_v30/cyberops/results.csv
[llama8b_local2_v31/cyberops] 1500 trials -> ./results/eval_attacks/group_llama8b_local2_v31/cyberops/results.csv
[mistral_div3p/cyberops] 855 trials -> ./results/eval_attacks/group_mistral_div3p/cyberops/results.csv
[oss120_local2_v29/cyberops] 1500 trials -> ./results/eval_attacks/group_oss120_local2_v29/cyberops/results.csv
[oss120_local2_v30/cyberops] 600 trials -> ./results/eval_attacks/group_oss120_local2_v30/cyberops/results.csv
[oss120_local2_v31/cyberops] 1500 trials -> ./results/eval_attacks/group_oss120_local2_v31/cyberops/results.csv
[q235_div4/cyberops] 1725 trials -> ./results/eval_attacks/group_q235_div4/cyberops/results.csv
[q235_div4_disabled_P1/cyberops] 264 trials -> ./results/eval_attacks/group_q235_div4_disabled_P1/cyberops/results.csv
[q235_div4_disabled_P2/cyberops] 264 trials -> ./results/eval_attacks/group_q235_div4_disabled_P2/cyberops/results.csv
[q235_div4_disabled_P3/cyberops] 264 trials -> ./results/eval_attacks/group_q235_div4_disabled_P3/cyberops/results.csv
[q235_div4_disabled_P4/cyberops] 285 trials -> ./results/eval_attacks/group_q235_div4_disabled_P4/cyberops/results.csv
[q235_div4_disabled_P5/cyberops] 285 trials -> ./results/eval_attacks/group_q235_div4_disabled_P5/cyberops/results.csv
[q235_div4_e16null/cyberops] 300 trials -> ./results/eval_attacks/group_q235_div4_e16null/cyberops/results.csv
[q235_div4_e16probe/cyberops] 60 trials -> ./results/eval_attacks/group_q235_div4_e16probe/cyberops/results.csv
[q235_div4_e2/cyberops] 150 trials -> ./results/eval_attacks/group_q235_div4_e2/cyberops/results.csv
[q235_div4_e5_smoke/cyberops] 25 trials -> ./results/eval_attacks/group_q235_div4_e5_smoke/cyberops/results.csv
[q235_div4_e5_smoke2/cyberops] 25 trials -> ./results/eval_attacks/group_q235_div4_e5_smoke2/cyberops/results.csv
[q235_div4_e9/cyberops] 228 trials -> ./results/eval_attacks/group_q235_div4_e9/cyberops/results.csv
[q235_div4_outage/cyberops] 600 trials -> ./results/eval_attacks/group_q235_div4_outage/cyberops/results.csv
[q235_div4_persistent/cyberops] 50 trials -> ./results/eval_attacks/group_q235_div4_persistent/cyberops/results.csv
[q235_div4_persistent3/cyberops] 50 trials -> ./results/eval_attacks/group_q235_div4_persistent3/cyberops/results.csv
[q235_div4_smoke/cyberops] 105 trials -> ./results/eval_attacks/group_q235_div4_smoke/cyberops/results.csv
[q235_div4_smoke2/cyberops] 15 trials -> ./results/eval_attacks/group_q235_div4_smoke2/cyberops/results.csv
[q235_local2_disabled_P1_v31/cyberops] 300 trials -> ./results/eval_attacks/group_q235_local2_disabled_P1_v31/cyberops/results.csv
[q235_local2_disabled_P2_v31/cyberops] 300 trials -> ./results/eval_attacks/group_q235_local2_disabled_P2_v31/cyberops/results.csv
[q235_local2_disabled_P3_v31/cyberops] 300 trials -> ./results/eval_attacks/group_q235_local2_disabled_P3_v31/cyberops/results.csv
[q235_local2_disabled_P4_v31/cyberops] 300 trials -> ./results/eval_attacks/group_q235_local2_disabled_P4_v31/cyberops/results.csv
[q235_local2_disabled_P5_v31/cyberops] 300 trials -> ./results/eval_attacks/group_q235_local2_disabled_P5_v31/cyberops/results.csv
[q235_local2_v29/cyberops] 300 trials -> ./results/eval_attacks/group_q235_local2_v29/cyberops/results.csv
[q235_local2_v30/cyberops] 600 trials -> ./results/eval_attacks/group_q235_local2_v30/cyberops/results.csv
[q235_local2_v31/cyberops] 1500 trials -> ./results/eval_attacks/group_q235_local2_v31/cyberops/results.csv
[q235_local2_v31persist/cyberops] 50 trials -> ./results/eval_attacks/group_q235_local2_v31persist/cyberops/results.csv
[q235_local2_v31persist2/cyberops] 50 trials -> ./results/eval_attacks/group_q235_local2_v31persist2/cyberops/results.csv
[scout_div4/cyberops] 855 trials -> ./results/eval_attacks/group_scout_div4/cyberops/results.csv
[llama8b_div4/finance] 720 trials -> ./results/eval_attacks/group_llama8b_div4/finance/results.csv
[mistral_div3p/finance] 720 trials -> ./results/eval_attacks/group_mistral_div3p/finance/results.csv
[q235_div4/finance] 796 trials -> ./results/eval_attacks/group_q235_div4/finance/results.csv
[q235_div4_e2/finance] 108 trials -> ./results/eval_attacks/group_q235_div4_e2/finance/results.csv
[q235_div4_e5_smoke/finance] 25 trials -> ./results/eval_attacks/group_q235_div4_e5_smoke/finance/results.csv
[q235_div4_e5_smoke2/finance] 25 trials -> ./results/eval_attacks/group_q235_div4_e5_smoke2/finance/results.csv
[q235_div4_e9/finance] 132 trials -> ./results/eval_attacks/group_q235_div4_e9/finance/results.csv
[q235_div4_persistent/finance] 35 trials -> ./results/eval_attacks/group_q235_div4_persistent/finance/results.csv
[q235_local2_v30/finance] 273 trials -> ./results/eval_attacks/group_q235_local2_v30/finance/results.csv
[q235_local2_v31/finance] 1365 trials -> ./results/eval_attacks/group_q235_local2_v31/finance/results.csv
[q235_local2_v31persist/finance] 35 trials -> ./results/eval_attacks/group_q235_local2_v31persist/finance/results.csv
[scout_div4/finance] 720 trials -> ./results/eval_attacks/group_scout_div4/finance/results.csv
[q235_div4/healthcare] 795 trials -> ./results/eval_attacks/group_q235_div4/healthcare/results.csv
[q235_div4_e2/healthcare] 111 trials -> ./results/eval_attacks/group_q235_div4_e2/healthcare/results.csv
[q235_div4_e5_smoke/healthcare] 25 trials -> ./results/eval_attacks/group_q235_div4_e5_smoke/healthcare/results.csv
[q235_div4_e5_smoke2/healthcare] 25 trials -> ./results/eval_attacks/group_q235_div4_e5_smoke2/healthcare/results.csv
[q235_div4_e9/healthcare] 132 trials -> ./results/eval_attacks/group_q235_div4_e9/healthcare/results.csv
[q235_div4_persistent/healthcare] 35 trials -> ./results/eval_attacks/group_q235_div4_persistent/healthcare/results.csv
[q235_local2_v30/healthcare] 264 trials -> ./results/eval_attacks/group_q235_local2_v30/healthcare/results.csv
[q235_local2_v31/healthcare] 1320 trials -> ./results/eval_attacks/group_q235_local2_v31/healthcare/results.csv
[q235_local2_v31persist/healthcare] 35 trials -> ./results/eval_attacks/group_q235_local2_v31persist/healthcare/results.csv
[q235_div4/legal] 795 trials -> ./results/eval_attacks/group_q235_div4/legal/results.csv
[q235_div4_e5_smoke/legal] 25 trials -> ./results/eval_attacks/group_q235_div4_e5_smoke/legal/results.csv
[q235_div4_e5_smoke2/legal] 25 trials -> ./results/eval_attacks/group_q235_div4_e5_smoke2/legal/results.csv
[q235_div4_e9/legal] 132 trials -> ./results/eval_attacks/group_q235_div4_e9/legal/results.csv
[q235_div4_persistent/legal] 35 trials -> ./results/eval_attacks/group_q235_div4_persistent/legal/results.csv
[q235_local2_v30/legal] 240 trials -> ./results/eval_attacks/group_q235_local2_v30/legal/results.csv
[q235_local2_v31/legal] 1200 trials -> ./results/eval_attacks/group_q235_local2_v31/legal/results.csv
[q235_local2_v31persist/legal] 35 trials -> ./results/eval_attacks/group_q235_local2_v31persist/legal/results.csv
wrote ./results/eval_attacks/all_trials.csv (28643 rows) and runs.csv (2258 log files)
wrote ./results/eval_attacks/stats.csv (1203 rows, B=10000)
wrote ./results/paper_tables.md
[llama8b_div4/cyberops] 855 trials -> ./results/eval_attacks/group_llama8b_div4/cyberops/results.csv
[llama8b_local2_v29/cyberops] 1500 trials -> ./results/eval_attacks/group_llama8b_local2_v29/cyberops/results.csv
[llama8b_local2_v30/cyberops] 600 trials -> ./results/eval_attacks/group_llama8b_local2_v30/cyberops/results.csv
[llama8b_local2_v31/cyberops] 1500 trials -> ./results/eval_attacks/group_llama8b_local2_v31/cyberops/results.csv
[mistral_div3p/cyberops] 855 trials -> ./results/eval_attacks/group_mistral_div3p/cyberops/results.csv
[oss120_local2_v29/cyberops] 1500 trials -> ./results/eval_attacks/group_oss120_local2_v29/cyberops/results.csv
[oss120_local2_v30/cyberops] 600 trials -> ./results/eval_attacks/group_oss120_local2_v30/cyberops/results.csv
[oss120_local2_v31/cyberops] 1500 trials -> ./results/eval_attacks/group_oss120_local2_v31/cyberops/results.csv
[q235_div4/cyberops] 1725 trials -> ./results/eval_attacks/group_q235_div4/cyberops/results.csv
[q235_div4_disabled_P1/cyberops] 264 trials -> ./results/eval_attacks/group_q235_div4_disabled_P1/cyberops/results.csv
[q235_div4_disabled_P2/cyberops] 264 trials -> ./results/eval_attacks/group_q235_div4_disabled_P2/cyberops/results.csv
[q235_div4_disabled_P3/cyberops] 264 trials -> ./results/eval_attacks/group_q235_div4_disabled_P3/cyberops/results.csv
[q235_div4_disabled_P4/cyberops] 285 trials -> ./results/eval_attacks/group_q235_div4_disabled_P4/cyberops/results.csv
[q235_div4_disabled_P5/cyberops] 285 trials -> ./results/eval_attacks/group_q235_div4_disabled_P5/cyberops/results.csv
[q235_div4_e16null/cyberops] 300 trials -> ./results/eval_attacks/group_q235_div4_e16null/cyberops/results.csv
[q235_div4_e16probe/cyberops] 60 trials -> ./results/eval_attacks/group_q235_div4_e16probe/cyberops/results.csv
[q235_div4_e2/cyberops] 150 trials -> ./results/eval_attacks/group_q235_div4_e2/cyberops/results.csv
[q235_div4_e5_smoke/cyberops] 25 trials -> ./results/eval_attacks/group_q235_div4_e5_smoke/cyberops/results.csv
[q235_div4_e5_smoke2/cyberops] 25 trials -> ./results/eval_attacks/group_q235_div4_e5_smoke2/cyberops/results.csv
[q235_div4_e9/cyberops] 228 trials -> ./results/eval_attacks/group_q235_div4_e9/cyberops/results.csv
[q235_div4_outage/cyberops] 600 trials -> ./results/eval_attacks/group_q235_div4_outage/cyberops/results.csv
[q235_div4_persistent/cyberops] 50 trials -> ./results/eval_attacks/group_q235_div4_persistent/cyberops/results.csv
[q235_div4_persistent3/cyberops] 50 trials -> ./results/eval_attacks/group_q235_div4_persistent3/cyberops/results.csv
[q235_div4_smoke/cyberops] 105 trials -> ./results/eval_attacks/group_q235_div4_smoke/cyberops/results.csv
[q235_div4_smoke2/cyberops] 15 trials -> ./results/eval_attacks/group_q235_div4_smoke2/cyberops/results.csv
[q235_local2_disabled_P1_v31/cyberops] 300 trials -> ./results/eval_attacks/group_q235_local2_disabled_P1_v31/cyberops/results.csv
[q235_local2_disabled_P2_v31/cyberops] 300 trials -> ./results/eval_attacks/group_q235_local2_disabled_P2_v31/cyberops/results.csv
[q235_local2_disabled_P3_v31/cyberops] 300 trials -> ./results/eval_attacks/group_q235_local2_disabled_P3_v31/cyberops/results.csv
[q235_local2_disabled_P4_v31/cyberops] 300 trials -> ./results/eval_attacks/group_q235_local2_disabled_P4_v31/cyberops/results.csv
[q235_local2_disabled_P5_v31/cyberops] 300 trials -> ./results/eval_attacks/group_q235_local2_disabled_P5_v31/cyberops/results.csv
[q235_local2_v29/cyberops] 300 trials -> ./results/eval_attacks/group_q235_local2_v29/cyberops/results.csv
[q235_local2_v30/cyberops] 600 trials -> ./results/eval_attacks/group_q235_local2_v30/cyberops/results.csv
[q235_local2_v31/cyberops] 1500 trials -> ./results/eval_attacks/group_q235_local2_v31/cyberops/results.csv
[q235_local2_v31persist/cyberops] 50 trials -> ./results/eval_attacks/group_q235_local2_v31persist/cyberops/results.csv
[q235_local2_v31persist2/cyberops] 50 trials -> ./results/eval_attacks/group_q235_local2_v31persist2/cyberops/results.csv
[scout_div4/cyberops] 855 trials -> ./results/eval_attacks/group_scout_div4/cyberops/results.csv
[llama8b_div4/finance] 720 trials -> ./results/eval_attacks/group_llama8b_div4/finance/results.csv
[mistral_div3p/finance] 720 trials -> ./results/eval_attacks/group_mistral_div3p/finance/results.csv
[q235_div4/finance] 796 trials -> ./results/eval_attacks/group_q235_div4/finance/results.csv
[q235_div4_e2/finance] 108 trials -> ./results/eval_attacks/group_q235_div4_e2/finance/results.csv
[q235_div4_e5_smoke/finance] 25 trials -> ./results/eval_attacks/group_q235_div4_e5_smoke/finance/results.csv
[q235_div4_e5_smoke2/finance] 25 trials -> ./results/eval_attacks/group_q235_div4_e5_smoke2/finance/results.csv
[q235_div4_e9/finance] 132 trials -> ./results/eval_attacks/group_q235_div4_e9/finance/results.csv
[q235_div4_persistent/finance] 35 trials -> ./results/eval_attacks/group_q235_div4_persistent/finance/results.csv
[q235_local2_v30/finance] 273 trials -> ./results/eval_attacks/group_q235_local2_v30/finance/results.csv
[q235_local2_v31/finance] 1365 trials -> ./results/eval_attacks/group_q235_local2_v31/finance/results.csv
[q235_local2_v31persist/finance] 35 trials -> ./results/eval_attacks/group_q235_local2_v31persist/finance/results.csv
[scout_div4/finance] 720 trials -> ./results/eval_attacks/group_scout_div4/finance/results.csv
[q235_div4/healthcare] 795 trials -> ./results/eval_attacks/group_q235_div4/healthcare/results.csv
[q235_div4_e2/healthcare] 111 trials -> ./results/eval_attacks/group_q235_div4_e2/healthcare/results.csv
[q235_div4_e5_smoke/healthcare] 25 trials -> ./results/eval_attacks/group_q235_div4_e5_smoke/healthcare/results.csv
[q235_div4_e5_smoke2/healthcare] 25 trials -> ./results/eval_attacks/group_q235_div4_e5_smoke2/healthcare/results.csv
[q235_div4_e9/healthcare] 132 trials -> ./results/eval_attacks/group_q235_div4_e9/healthcare/results.csv
[q235_div4_persistent/healthcare] 35 trials -> ./results/eval_attacks/group_q235_div4_persistent/healthcare/results.csv
[q235_local2_v30/healthcare] 264 trials -> ./results/eval_attacks/group_q235_local2_v30/healthcare/results.csv
[q235_local2_v31/healthcare] 1320 trials -> ./results/eval_attacks/group_q235_local2_v31/healthcare/results.csv
[q235_local2_v31persist/healthcare] 35 trials -> ./results/eval_attacks/group_q235_local2_v31persist/healthcare/results.csv
[q235_div4/legal] 795 trials -> ./results/eval_attacks/group_q235_div4/legal/results.csv
[q235_div4_e5_smoke/legal] 25 trials -> ./results/eval_attacks/group_q235_div4_e5_smoke/legal/results.csv
[q235_div4_e5_smoke2/legal] 25 trials -> ./results/eval_attacks/group_q235_div4_e5_smoke2/legal/results.csv
[q235_div4_e9/legal] 132 trials -> ./results/eval_attacks/group_q235_div4_e9/legal/results.csv
[q235_div4_persistent/legal] 35 trials -> ./results/eval_attacks/group_q235_div4_persistent/legal/results.csv
[q235_local2_v30/legal] 240 trials -> ./results/eval_attacks/group_q235_local2_v30/legal/results.csv
[q235_local2_v31/legal] 1200 trials -> ./results/eval_attacks/group_q235_local2_v31/legal/results.csv
[q235_local2_v31persist/legal] 35 trials -> ./results/eval_attacks/group_q235_local2_v31persist/legal/results.csv
wrote ./results/eval_attacks/all_trials.csv (28643 rows) and runs.csv (2258 log files)
[ok] paper/figs/judgment_boundary.pdf
[ok] paper/figs/interception_tiers.pdf
[ok] paper/figs/ap_heatmap.pdf
[ok] paper/figs/paired_variants.pdf
[ok] paper/figs/ablation.pdf
[ok] paper/figs/p5_reads.pdf
[ok] paper/figs/panel_composition.pdf
[ok] paper/figs/validator_behavior.pdf
[ok] paper/figs/cost.pdf
[ok] paper/figs/state_carryover.pdf
[ok] paper/figs/transfer.pdf
[ok] paper/figs/channels.pdf
[ok] paper/figs/asb_families.pdf
[skip] adaptive: input data not present
[ok] paper/figs/cascade_pipeline_defs.tex {'judged_pct': 26.4, 'deterministic_pct': 97.8, 'interceptions_n': 90}
[ok] paper/figs/preview/contact_sheet.png
[ok] paper/figs/figures.json
