  Warning: ./domains/healthcare/payloads/benign_alerts.json not found
  Warning: ./domains/healthcare/payloads/benign_alerts.json not found
  Warning: ./domains/healthcare/payloads/benign_alerts.json not found
  Warning: ./domains/healthcare/payloads/benign_alerts.json not found
  Warning: ./domains/healthcare/payloads/benign_alerts.json not found
  Warning: ./domains/healthcare/payloads/benign_alerts.json not found
  Warning: ./domains/healthcare/payloads/benign_alerts.json not found
  Warning: ./domains/healthcare/payloads/benign_alerts.json not found
  Warning: ./domains/healthcare/payloads/benign_alerts.json not found
  Warning: ./domains/healthcare/payloads/benign_alerts.json not found
  Warning: ./domains/healthcare/payloads/benign_alerts.json not found
  Warning: ./domains/healthcare/payloads/benign_alerts.json not found
  Warning: ./domains/healthcare/payloads/benign_alerts.json not found
  Warning: ./domains/healthcare/payloads/benign_alerts.json not found
  Warning: ./domains/healthcare/payloads/benign_alerts.json not found
  Warning: ./domains/finance/payloads/benign_alerts.json not found
  Warning: ./domains/finance/payloads/benign_alerts.json not found
  Warning: ./domains/finance/payloads/benign_alerts.json not found
  Warning: ./domains/finance/payloads/benign_alerts.json not found
  Warning: ./domains/finance/payloads/benign_alerts.json not found
  Warning: ./domains/finance/payloads/benign_alerts.json not found
  Warning: ./domains/finance/payloads/benign_alerts.json not found
  Warning: ./domains/finance/payloads/benign_alerts.json not found
  Warning: ./domains/finance/payloads/benign_alerts.json not found
  Warning: ./domains/finance/payloads/benign_alerts.json not found
  Warning: ./domains/finance/payloads/benign_alerts.json not found
  Warning: ./domains/finance/payloads/benign_alerts.json not found
  Warning: ./domains/finance/payloads/benign_alerts.json not found
  Warning: ./domains/finance/payloads/benign_alerts.json not found
  Warning: ./domains/finance/payloads/benign_alerts.json not found
  Warning: ./domains/legal/payloads/benign_alerts.json not found
  Warning: ./domains/legal/payloads/benign_alerts.json not found
  Warning: ./domains/legal/payloads/benign_alerts.json not found
  Warning: ./domains/legal/payloads/benign_alerts.json not found
  Warning: ./domains/legal/payloads/benign_alerts.json not found
  Warning: ./domains/legal/payloads/benign_alerts.json not found
  Warning: ./domains/legal/payloads/benign_alerts.json not found
  Warning: ./domains/legal/payloads/benign_alerts.json not found
  Warning: ./domains/legal/payloads/benign_alerts.json not found
  Warning: ./domains/legal/payloads/benign_alerts.json not found
  Warning: ./domains/legal/payloads/benign_alerts.json not found
  Warning: ./domains/legal/payloads/benign_alerts.json not found
  Warning: ./domains/legal/payloads/benign_alerts.json not found
  Warning: ./domains/legal/payloads/benign_alerts.json not found
  Warning: ./domains/legal/payloads/benign_alerts.json not found
v31_full           8376 rounds
  Warning: ./domains/healthcare/payloads/benign_alerts.json not found
  Warning: ./domains/healthcare/payloads/benign_alerts.json not found
  Warning: ./domains/healthcare/payloads/benign_alerts.json not found
  Warning: ./domains/healthcare/payloads/benign_alerts.json not found
  Warning: ./domains/healthcare/payloads/benign_alerts.json not found
  Warning: ./domains/healthcare/payloads/benign_alerts.json not found
  Warning: ./domains/healthcare/payloads/benign_alerts.json not found
  Warning: ./domains/healthcare/payloads/benign_alerts.json not found
  Warning: ./domains/healthcare/payloads/benign_alerts.json not found
  Warning: ./domains/healthcare/payloads/benign_alerts.json not found
  Warning: ./domains/healthcare/payloads/benign_alerts.json not found
  Warning: ./domains/healthcare/payloads/benign_alerts.json not found
  Warning: ./domains/healthcare/payloads/benign_alerts.json not found
  Warning: ./domains/healthcare/payloads/benign_alerts.json not found
  Warning: ./domains/healthcare/payloads/benign_alerts.json not found
  Warning: ./domains/finance/payloads/benign_alerts.json not found
  Warning: ./domains/finance/payloads/benign_alerts.json not found
  Warning: ./domains/finance/payloads/benign_alerts.json not found
  Warning: ./domains/finance/payloads/benign_alerts.json not found
  Warning: ./domains/finance/payloads/benign_alerts.json not found
  Warning: ./domains/finance/payloads/benign_alerts.json not found
  Warning: ./domains/finance/payloads/benign_alerts.json not found
  Warning: ./domains/finance/payloads/benign_alerts.json not found
  Warning: ./domains/finance/payloads/benign_alerts.json not found
  Warning: ./domains/finance/payloads/benign_alerts.json not found
  Warning: ./domains/finance/payloads/benign_alerts.json not found
  Warning: ./domains/finance/payloads/benign_alerts.json not found
  Warning: ./domains/finance/payloads/benign_alerts.json not found
  Warning: ./domains/finance/payloads/benign_alerts.json not found
  Warning: ./domains/finance/payloads/benign_alerts.json not found
  Warning: ./domains/legal/payloads/benign_alerts.json not found
  Warning: ./domains/legal/payloads/benign_alerts.json not found
  Warning: ./domains/legal/payloads/benign_alerts.json not found
  Warning: ./domains/legal/payloads/benign_alerts.json not found
  Warning: ./domains/legal/payloads/benign_alerts.json not found
  Warning: ./domains/legal/payloads/benign_alerts.json not found
  Warning: ./domains/legal/payloads/benign_alerts.json not found
  Warning: ./domains/legal/payloads/benign_alerts.json not found
  Warning: ./domains/legal/payloads/benign_alerts.json not found
  Warning: ./domains/legal/payloads/benign_alerts.json not found
  Warning: ./domains/legal/payloads/benign_alerts.json not found
  Warning: ./domains/legal/payloads/benign_alerts.json not found
  Warning: ./domains/legal/payloads/benign_alerts.json not found
  Warning: ./domains/legal/payloads/benign_alerts.json not found
  Warning: ./domains/legal/payloads/benign_alerts.json not found
v31_judgeonly      9921 rounds
v31_full_minus_p1   1181 rounds
v31_full_minus_p2   1368 rounds
v31_full_minus_p4   1193 rounds
v31_full_minus_p5   1242 rounds
v31_oss120_full     720 rounds
v31_oss120_judgeonly    924 rounds
v31_llama8b_full   1570 rounds
v31_llama8b_judgeonly   1909 rounds
distinct messages: 22711
